Added Component: Designator=H1(Testpoint_TH_D350H250)
Added Component: Designator=H2(HEX-M3_NoVia)
Added Component: Designator=H3(HEX-M3_NoVia)
Added Component: Designator=H4(HEX-M3_NoVia)
Added Component: Designator=H5(HEX-M3_NoVia)
Added Component: Designator=J1(MOLEX_5040501191)
Added Component: Designator=J2(Mill-Max_858-22-005-10-011101)
Added Component: Designator=J3(Mill-Max_858-22-005-10-011101)
Added Component: Designator=J4(Mill-Max_858-22-005-10-011101)
Added Component: Designator=J5(Mill-Max_858-22-005-10-011101)
Added Component: Designator=J6(Mill-Max_858-22-005-10-011101)
Added Component: Designator=J7(Mill-Max_858-22-005-10-011101)
Added Pin To Net: NetName=+5V_ADT2 Pin=J1-9
Added Pin To Net: NetName=+5V_ADT2 Pin=J5-1
Added Net: Name=+5V_ADT2
Added Pin To Net: NetName=+5V_USB_ADT1 Pin=J1-4
Added Pin To Net: NetName=+5V_USB_ADT1 Pin=J2-1
Added Net: Name=+5V_USB_ADT1
Added Pin To Net: NetName=+5V_USB_ADT2 Pin=J1-8
Added Pin To Net: NetName=+5V_USB_ADT2 Pin=J3-1
Added Net: Name=+5V_USB_ADT2
Added Pin To Net: NetName=+12V_ADT2 Pin=J1-10
Added Pin To Net: NetName=+12V_ADT2 Pin=J5-5
Added Net: Name=+12V_ADT2
Added Pin To Net: NetName=ADT1_USB2.0_N Pin=J1-2
Added Pin To Net: NetName=ADT1_USB2.0_N Pin=J2-2
Added Net: Name=ADT1_USB2.0_N
Added Pin To Net: NetName=ADT1_USB2.0_P Pin=J1-1
Added Pin To Net: NetName=ADT1_USB2.0_P Pin=J2-3
Added Net: Name=ADT1_USB2.0_P
Added Pin To Net: NetName=ADT2_USB2.0_N Pin=J1-6
Added Pin To Net: NetName=ADT2_USB2.0_N Pin=J3-2
Added Net: Name=ADT2_USB2.0_N
Added Pin To Net: NetName=ADT2_USB2.0_P Pin=J1-5
Added Pin To Net: NetName=ADT2_USB2.0_P Pin=J3-3
Added Net: Name=ADT2_USB2.0_P
Added Pin To Net: NetName=GND Pin=H2-1
Added Pin To Net: NetName=GND Pin=H3-1
Added Pin To Net: NetName=GND Pin=H4-1
Added Pin To Net: NetName=GND Pin=H5-1
Added Pin To Net: NetName=GND Pin=J1-3
Added Pin To Net: NetName=GND Pin=J1-7
Added Pin To Net: NetName=GND Pin=J1-M1
Added Pin To Net: NetName=GND Pin=J1-M2
Added Pin To Net: NetName=GND Pin=J2-4
Added Pin To Net: NetName=GND Pin=J2-M1
Added Pin To Net: NetName=GND Pin=J2-M2
Added Pin To Net: NetName=GND Pin=J3-4
Added Pin To Net: NetName=GND Pin=J3-M1
Added Pin To Net: NetName=GND Pin=J3-M2
Added Pin To Net: NetName=GND Pin=J4-M1
Added Pin To Net: NetName=GND Pin=J4-M2
Added Pin To Net: NetName=GND Pin=J5-2
Added Pin To Net: NetName=GND Pin=J5-4
Added Pin To Net: NetName=GND Pin=J5-M1
Added Pin To Net: NetName=GND Pin=J5-M2
Added Pin To Net: NetName=GND Pin=J6-M1
Added Pin To Net: NetName=GND Pin=J6-M2
Added Pin To Net: NetName=GND Pin=J7-M1
Added Pin To Net: NetName=GND Pin=J7-M2
Added Net: Name=GND
Added Pin To Net: NetName=SHIELD Pin=H1-1
Added Pin To Net: NetName=SHIELD Pin=J1-11
Added Pin To Net: NetName=SHIELD Pin=J2-5
Added Pin To Net: NetName=SHIELD Pin=J3-5
Added Pin To Net: NetName=SHIELD Pin=J5-3
Added Net: Name=SHIELD
Added Class: Name=04_CONNECTOR
Added Rule: Name=Schematic Supply Nets
Added Rule: Name=Schematic Supply Nets_1
Added Rule: Name=Schematic Supply Nets_2
Added Rule: Name=Schematic Supply Nets_3
Added Rule: Name=Schematic Supply Nets_4
Added Rule: Name=Schematic Supply Nets_5
