Change Component Footprint: Designator=J1 Old Footprint=MOLEX_5040501191 New Footprint=SAMTEC_SSM-107-X-DV-XX
Added Component: Designator=J2(SAMTEC_SSM-107-X-DV-XX)
Added Pin To Net: NetName=NL1_USB_N Pin=J1-3
Added Pin To Net: NetName=NL2_USB_P Pin=J1-4
Added Pin To Net: NetName=+12V_AUX_NL1 Pin=J1-12
Added Pin To Net: NetName=SHIELD Pin=J1-13
Added Pin To Net: NetName=SHIELD Pin=J1-14
Added Pin To Net: NetName=+5V_USB_NL2 Pin=J2-1
Added Pin To Net: NetName=+5V_USB_NL2 Pin=J2-2
Added Pin To Net: NetName=NL2_USB_N Pin=J2-3
Added Pin To Net: NetName=NL2_USB_P Pin=J2-4
Added Pin To Net: NetName=GND Pin=J2-5
Added Pin To Net: NetName=GND Pin=J2-6
Added Pin To Net: NetName=+5V_AUX_NL2 Pin=J2-7
Added Pin To Net: NetName=+5V_AUX_NL2 Pin=J2-8
Added Pin To Net: NetName=GND Pin=J2-9
Added Pin To Net: NetName=GND Pin=J2-10
Added Pin To Net: NetName=+12V_AUX_NL2 Pin=J2-11
Added Pin To Net: NetName=+12V_AUX_NL2 Pin=J2-12
Added Pin To Net: NetName=SHIELD Pin=J2-13
Added Pin To Net: NetName=SHIELD Pin=J2-14
Added Member To Class: ClassName=02_CONNECTOR Member=Component J2 SSM-107-T-DV-P
